LAUNCH_FOLDER: {/leonardo_work/MNRVA_bench/minerva-benchmarks/inference/inference-LEONARDO/results/sglang/sharegpt/gemma-3-12b-it/Nodes_1-GPUs_4-TP_4-PP_1-MaxModelLength_4096/launch-1}
BENCHMARK_FILE: {/leonardo_work/MNRVA_bench/minerva-benchmarks/inference/inference-LEONARDO/benchmarks/benchmark_serving.py}
DATASET: {sharegpt}
DATASET_PATH: {/leonardo_work/MNRVA_bench/datasets/ShareGPT_V3_unfiltered_cleaned_split.json}
Loading cuda/12.2
  Loading requirement: libiconv/1.17-nhc3mhm xz/5.4.6-xxxg42c
    zlib-ng/2.1.6-jkgunjc libxml2/2.10.3-zbbe7lm
Loading gcc/12.2.0
  Loading requirement: zstd/1.5.6-uq5yyux binutils/2.42
Node: lrdn2420 - IP: 10.7.1.4
[INFO] Running SGLang inference
[INFO] Model: /leonardo_work/MNRVA_bench/models/gemma-3-12b-it
[INFO] TP Size: 4
[INFO] NODES: 1
[INFO] NCCL_INIT_ADDR: 10.7.1.4:8080
[INFO] CUR_DIR=/leonardo_work/MNRVA_bench/minerva-benchmarks/inference/inference-LEONARDO/results/sglang/sharegpt/gemma-3-12b-it/Nodes_1-GPUs_4-TP_4-PP_1-MaxModelLength_4096/launch-1
SGLang Server started with PID 173305
Don't kill process 173305, it is still running
Don't kill process 173305, it is still running
Don't kill process 173305, it is still running
Don't kill process 173305, it is still running
Don't kill process 173305, it is still running
Don't kill process 173305, it is still running
Don't kill process 173305, it is still running
Don't kill process 173305, it is still running
Don't kill process 173305, it is still running
Don't kill process 173305, it is still running
Don't kill process 173305, it is still running
Don't kill process 173305, it is still running
Don't kill process 173305, it is still running
Don't kill process 173305, it is still running
Don't kill process 173305, it is still running
Don't kill process 173305, it is still running
Don't kill process 173305, it is still running
Don't kill process 173305, it is still running
Don't kill process 173305, it is still running
Don't kill process 173305, it is still running
Don't kill process 173305, it is still running
Don't kill process 173305, it is still running
Don't kill process 173305, it is still running
Don't kill process 173305, it is still running
Don't kill process 173305, it is still running
Don't kill process 173305, it is still running
Don't kill process 173305, it is still running
Don't kill process 173305, it is still running
Don't kill process 173305, it is still running
Don't kill process 173305, it is still running
Don't kill process 173305, it is still running
Don't kill process 173305, it is still running
Don't kill process 173305, it is still running
Don't kill process 173305, it is still running
Don't kill process 173305, it is still running
Don't kill process 173305, it is still running
Don't kill process 173305, it is still running
Don't kill process 173305, it is still running
Don't kill process 173305, it is still running
Don't kill process 173305, it is still running
Don't kill process 173305, it is still running
Don't kill process 173305, it is still running
Don't kill process 173305, it is still running
Don't kill process 173305, it is still running
Don't kill process 173305, it is still running
Don't kill process 173305, it is still running
Don't kill process 173305, it is still running
Don't kill process 173305, it is still running
