Using /leonardo/home/userinternal/rscheda0/.cache/torch_extensions/py311_cu124 as PyTorch extensions root...
Creating extension directory /leonardo/home/userinternal/rscheda0/.cache/torch_extensions/py311_cu124/inference_core_ops...
Detected CUDA files, patching ldflags
Emitting ninja build file /leonardo/home/userinternal/rscheda0/.cache/torch_extensions/py311_cu124/inference_core_ops/build.ninja...
/leonardo_work/MNRVA_bench/minerva-benchmarks/inference/inference-LEONARDO/env_ds/lib/python3.11/site-packages/torch/utils/cpp_extension.py:1964: UserWarning: TORCH_CUDA_ARCH_LIST is not set, all archs for visible cards are included for compilation. 
If this is not desired, please set os.environ['TORCH_CUDA_ARCH_LIST'].
  warnings.warn(
Building extension module inference_core_ops...
Allowing ninja to set a default number of workers... (overridable by setting the environment variable MAX_JOBS=N)
Traceback (most recent call last):
  File "/leonardo_work/MNRVA_bench/minerva-benchmarks/inference/inference-LEONARDO/benchmarks/benchmark_serving.py", line 1231, in <module>
    main(args)
  File "/leonardo_work/MNRVA_bench/minerva-benchmarks/inference/inference-LEONARDO/benchmarks/benchmark_serving.py", line 879, in main
    benchmark_result = asyncio.run(
                       ^^^^^^^^^^^^
  File "/leonardo_work/MNRVA_bench/minerva-benchmarks/inference/inference-LEONARDO/env_ds/lib/python3.11/asyncio/runners.py", line 190, in run
    return runner.run(main)
           ^^^^^^^^^^^^^^^^
  File "/leonardo_work/MNRVA_bench/minerva-benchmarks/inference/inference-LEONARDO/env_ds/lib/python3.11/asyncio/runners.py", line 118, in run
    return self._loop.run_until_complete(task)
           ^^^^^^^^^^^^^^^^^^^^^^^^^^^^^^^^^^^
  File "/leonardo_work/MNRVA_bench/minerva-benchmarks/inference/inference-LEONARDO/env_ds/lib/python3.11/asyncio/base_events.py", line 654, in run_until_complete
    return future.result()
           ^^^^^^^^^^^^^^^
  File "/leonardo_work/MNRVA_bench/minerva-benchmarks/inference/inference-LEONARDO/benchmarks/benchmark_serving.py", line 568, in benchmark
    raise ValueError(
ValueError: Initial test run failed - Please make sure benchmark arguments are correctly specified. Error: Traceback (most recent call last):
  File "/leonardo_work/MNRVA_bench/minerva-benchmarks/inference/inference-LEONARDO/env_ds/lib/python3.11/site-packages/aiohttp/connector.py", line 1115, in _wrap_create_connection
    sock = await aiohappyeyeballs.start_connection(
           ^^^^^^^^^^^^^^^^^^^^^^^^^^^^^^^^^^^^^^^^
  File "/leonardo_work/MNRVA_bench/minerva-benchmarks/inference/inference-LEONARDO/env_ds/lib/python3.11/site-packages/aiohappyeyeballs/impl.py", line 104, in start_connection
    raise first_exception
  File "/leonardo_work/MNRVA_bench/minerva-benchmarks/inference/inference-LEONARDO/env_ds/lib/python3.11/site-packages/aiohappyeyeballs/impl.py", line 82, in start_connection
    sock = await _connect_sock(
           ^^^^^^^^^^^^^^^^^^^^
  File "/leonardo_work/MNRVA_bench/minerva-benchmarks/inference/inference-LEONARDO/env_ds/lib/python3.11/site-packages/aiohappyeyeballs/impl.py", line 174, in _connect_sock
    await loop.sock_connect(sock, address)
  File "/leonardo_work/MNRVA_bench/minerva-benchmarks/inference/inference-LEONARDO/env_ds/lib/python3.11/asyncio/selector_events.py", line 638, in sock_connect
    return await fut
           ^^^^^^^^^
  File "/leonardo_work/MNRVA_bench/minerva-benchmarks/inference/inference-LEONARDO/env_ds/lib/python3.11/asyncio/selector_events.py", line 678, in _sock_connect_cb
    raise OSError(err, f'Connect call failed {address}')
ConnectionRefusedError: [Errno 111] Connect call failed ('10.7.1.68', 8000)

The above exception was the direct cause of the following exception:

Traceback (most recent call last):
  File "/leonardo_work/MNRVA_bench/minerva-benchmarks/inference/inference-LEONARDO/benchmarks/backend_request_func.py", line 346, in async_request_deepspeed_mii
    async with session.post(url=request_func_input.api_url,
  File "/leonardo_work/MNRVA_bench/minerva-benchmarks/inference/inference-LEONARDO/env_ds/lib/python3.11/site-packages/aiohttp/client.py", line 1425, in __aenter__
    self._resp: _RetType = await self._coro
                           ^^^^^^^^^^^^^^^^
  File "/leonardo_work/MNRVA_bench/minerva-benchmarks/inference/inference-LEONARDO/env_ds/lib/python3.11/site-packages/aiohttp/client.py", line 703, in _request
    conn = await self._connector.connect(
           ^^^^^^^^^^^^^^^^^^^^^^^^^^^^^^
  File "/leonardo_work/MNRVA_bench/minerva-benchmarks/inference/inference-LEONARDO/env_ds/lib/python3.11/site-packages/aiohttp/connector.py", line 548, in connect
    proto = await self._create_connection(req, traces, timeout)
            ^^^^^^^^^^^^^^^^^^^^^^^^^^^^^^^^^^^^^^^^^^^^^^^^^^^
  File "/leonardo_work/MNRVA_bench/minerva-benchmarks/inference/inference-LEONARDO/env_ds/lib/python3.11/site-packages/aiohttp/connector.py", line 1056, in _create_connection
    _, proto = await self._create_direct_connection(req, traces, timeout)
               ^^^^^^^^^^^^^^^^^^^^^^^^^^^^^^^^^^^^^^^^^^^^^^^^^^^^^^^^^^
  File "/leonardo_work/MNRVA_bench/minerva-benchmarks/inference/inference-LEONARDO/env_ds/lib/python3.11/site-packages/aiohttp/connector.py", line 1400, in _create_direct_connection
    raise last_exc
  File "/leonardo_work/MNRVA_bench/minerva-benchmarks/inference/inference-LEONARDO/env_ds/lib/python3.11/site-packages/aiohttp/connector.py", line 1369, in _create_direct_connection
    transp, proto = await self._wrap_create_connection(
                    ^^^^^^^^^^^^^^^^^^^^^^^^^^^^^^^^^^^
  File "/leonardo_work/MNRVA_bench/minerva-benchmarks/inference/inference-LEONARDO/env_ds/lib/python3.11/site-packages/aiohttp/connector.py", line 1130, in _wrap_create_connection
    raise client_error(req.connection_key, exc) from exc
aiohttp.client_exceptions.ClientConnectorError: Cannot connect to host 10.7.1.68:8000 ssl:default [Connect call failed ('10.7.1.68', 8000)]

Traceback (most recent call last):
  File "/leonardo_work/MNRVA_bench/minerva-benchmarks/inference/inference-LEONARDO/benchmarks/benchmark_serving.py", line 1231, in <module>
    main(args)
  File "/leonardo_work/MNRVA_bench/minerva-benchmarks/inference/inference-LEONARDO/benchmarks/benchmark_serving.py", line 879, in main
    benchmark_result = asyncio.run(
                       ^^^^^^^^^^^^
  File "/leonardo_work/MNRVA_bench/minerva-benchmarks/inference/inference-LEONARDO/env_ds/lib/python3.11/asyncio/runners.py", line 190, in run
    return runner.run(main)
           ^^^^^^^^^^^^^^^^
  File "/leonardo_work/MNRVA_bench/minerva-benchmarks/inference/inference-LEONARDO/env_ds/lib/python3.11/asyncio/runners.py", line 118, in run
    return self._loop.run_until_complete(task)
           ^^^^^^^^^^^^^^^^^^^^^^^^^^^^^^^^^^^
  File "/leonardo_work/MNRVA_bench/minerva-benchmarks/inference/inference-LEONARDO/env_ds/lib/python3.11/asyncio/base_events.py", line 654, in run_until_complete
    return future.result()
           ^^^^^^^^^^^^^^^
  File "/leonardo_work/MNRVA_bench/minerva-benchmarks/inference/inference-LEONARDO/benchmarks/benchmark_serving.py", line 568, in benchmark
    raise ValueError(
ValueError: Initial test run failed - Please make sure benchmark arguments are correctly specified. Error: Traceback (most recent call last):
  File "/leonardo_work/MNRVA_bench/minerva-benchmarks/inference/inference-LEONARDO/env_ds/lib/python3.11/site-packages/aiohttp/connector.py", line 1115, in _wrap_create_connection
    sock = await aiohappyeyeballs.start_connection(
           ^^^^^^^^^^^^^^^^^^^^^^^^^^^^^^^^^^^^^^^^
  File "/leonardo_work/MNRVA_bench/minerva-benchmarks/inference/inference-LEONARDO/env_ds/lib/python3.11/site-packages/aiohappyeyeballs/impl.py", line 104, in start_connection
    raise first_exception
  File "/leonardo_work/MNRVA_bench/minerva-benchmarks/inference/inference-LEONARDO/env_ds/lib/python3.11/site-packages/aiohappyeyeballs/impl.py", line 82, in start_connection
    sock = await _connect_sock(
           ^^^^^^^^^^^^^^^^^^^^
  File "/leonardo_work/MNRVA_bench/minerva-benchmarks/inference/inference-LEONARDO/env_ds/lib/python3.11/site-packages/aiohappyeyeballs/impl.py", line 174, in _connect_sock
    await loop.sock_connect(sock, address)
  File "/leonardo_work/MNRVA_bench/minerva-benchmarks/inference/inference-LEONARDO/env_ds/lib/python3.11/asyncio/selector_events.py", line 638, in sock_connect
    return await fut
           ^^^^^^^^^
  File "/leonardo_work/MNRVA_bench/minerva-benchmarks/inference/inference-LEONARDO/env_ds/lib/python3.11/asyncio/selector_events.py", line 678, in _sock_connect_cb
    raise OSError(err, f'Connect call failed {address}')
ConnectionRefusedError: [Errno 111] Connect call failed ('10.7.1.68', 8000)

The above exception was the direct cause of the following exception:

Traceback (most recent call last):
  File "/leonardo_work/MNRVA_bench/minerva-benchmarks/inference/inference-LEONARDO/benchmarks/backend_request_func.py", line 346, in async_request_deepspeed_mii
    async with session.post(url=request_func_input.api_url,
  File "/leonardo_work/MNRVA_bench/minerva-benchmarks/inference/inference-LEONARDO/env_ds/lib/python3.11/site-packages/aiohttp/client.py", line 1425, in __aenter__
    self._resp: _RetType = await self._coro
                           ^^^^^^^^^^^^^^^^
  File "/leonardo_work/MNRVA_bench/minerva-benchmarks/inference/inference-LEONARDO/env_ds/lib/python3.11/site-packages/aiohttp/client.py", line 703, in _request
    conn = await self._connector.connect(
           ^^^^^^^^^^^^^^^^^^^^^^^^^^^^^^
  File "/leonardo_work/MNRVA_bench/minerva-benchmarks/inference/inference-LEONARDO/env_ds/lib/python3.11/site-packages/aiohttp/connector.py", line 548, in connect
    proto = await self._create_connection(req, traces, timeout)
            ^^^^^^^^^^^^^^^^^^^^^^^^^^^^^^^^^^^^^^^^^^^^^^^^^^^
  File "/leonardo_work/MNRVA_bench/minerva-benchmarks/inference/inference-LEONARDO/env_ds/lib/python3.11/site-packages/aiohttp/connector.py", line 1056, in _create_connection
    _, proto = await self._create_direct_connection(req, traces, timeout)
               ^^^^^^^^^^^^^^^^^^^^^^^^^^^^^^^^^^^^^^^^^^^^^^^^^^^^^^^^^^
  File "/leonardo_work/MNRVA_bench/minerva-benchmarks/inference/inference-LEONARDO/env_ds/lib/python3.11/site-packages/aiohttp/connector.py", line 1400, in _create_direct_connection
    raise last_exc
  File "/leonardo_work/MNRVA_bench/minerva-benchmarks/inference/inference-LEONARDO/env_ds/lib/python3.11/site-packages/aiohttp/connector.py", line 1369, in _create_direct_connection
    transp, proto = await self._wrap_create_connection(
                    ^^^^^^^^^^^^^^^^^^^^^^^^^^^^^^^^^^^
  File "/leonardo_work/MNRVA_bench/minerva-benchmarks/inference/inference-LEONARDO/env_ds/lib/python3.11/site-packages/aiohttp/connector.py", line 1130, in _wrap_create_connection
    raise client_error(req.connection_key, exc) from exc
aiohttp.client_exceptions.ClientConnectorError: Cannot connect to host 10.7.1.68:8000 ssl:default [Connect call failed ('10.7.1.68', 8000)]

Traceback (most recent call last):
  File "/leonardo_work/MNRVA_bench/minerva-benchmarks/inference/inference-LEONARDO/benchmarks/benchmark_serving.py", line 1231, in <module>
    main(args)
  File "/leonardo_work/MNRVA_bench/minerva-benchmarks/inference/inference-LEONARDO/benchmarks/benchmark_serving.py", line 879, in main
    benchmark_result = asyncio.run(
                       ^^^^^^^^^^^^
  File "/leonardo_work/MNRVA_bench/minerva-benchmarks/inference/inference-LEONARDO/env_ds/lib/python3.11/asyncio/runners.py", line 190, in run
    return runner.run(main)
           ^^^^^^^^^^^^^^^^
  File "/leonardo_work/MNRVA_bench/minerva-benchmarks/inference/inference-LEONARDO/env_ds/lib/python3.11/asyncio/runners.py", line 118, in run
    return self._loop.run_until_complete(task)
           ^^^^^^^^^^^^^^^^^^^^^^^^^^^^^^^^^^^
  File "/leonardo_work/MNRVA_bench/minerva-benchmarks/inference/inference-LEONARDO/env_ds/lib/python3.11/asyncio/base_events.py", line 654, in run_until_complete
    return future.result()
           ^^^^^^^^^^^^^^^
  File "/leonardo_work/MNRVA_bench/minerva-benchmarks/inference/inference-LEONARDO/benchmarks/benchmark_serving.py", line 568, in benchmark
    raise ValueError(
ValueError: Initial test run failed - Please make sure benchmark arguments are correctly specified. Error: Traceback (most recent call last):
  File "/leonardo_work/MNRVA_bench/minerva-benchmarks/inference/inference-LEONARDO/env_ds/lib/python3.11/site-packages/aiohttp/connector.py", line 1115, in _wrap_create_connection
    sock = await aiohappyeyeballs.start_connection(
           ^^^^^^^^^^^^^^^^^^^^^^^^^^^^^^^^^^^^^^^^
  File "/leonardo_work/MNRVA_bench/minerva-benchmarks/inference/inference-LEONARDO/env_ds/lib/python3.11/site-packages/aiohappyeyeballs/impl.py", line 104, in start_connection
    raise first_exception
  File "/leonardo_work/MNRVA_bench/minerva-benchmarks/inference/inference-LEONARDO/env_ds/lib/python3.11/site-packages/aiohappyeyeballs/impl.py", line 82, in start_connection
    sock = await _connect_sock(
           ^^^^^^^^^^^^^^^^^^^^
  File "/leonardo_work/MNRVA_bench/minerva-benchmarks/inference/inference-LEONARDO/env_ds/lib/python3.11/site-packages/aiohappyeyeballs/impl.py", line 174, in _connect_sock
    await loop.sock_connect(sock, address)
  File "/leonardo_work/MNRVA_bench/minerva-benchmarks/inference/inference-LEONARDO/env_ds/lib/python3.11/asyncio/selector_events.py", line 638, in sock_connect
    return await fut
           ^^^^^^^^^
  File "/leonardo_work/MNRVA_bench/minerva-benchmarks/inference/inference-LEONARDO/env_ds/lib/python3.11/asyncio/selector_events.py", line 678, in _sock_connect_cb
    raise OSError(err, f'Connect call failed {address}')
ConnectionRefusedError: [Errno 111] Connect call failed ('10.7.1.68', 8000)

The above exception was the direct cause of the following exception:

Traceback (most recent call last):
  File "/leonardo_work/MNRVA_bench/minerva-benchmarks/inference/inference-LEONARDO/benchmarks/backend_request_func.py", line 346, in async_request_deepspeed_mii
    async with session.post(url=request_func_input.api_url,
  File "/leonardo_work/MNRVA_bench/minerva-benchmarks/inference/inference-LEONARDO/env_ds/lib/python3.11/site-packages/aiohttp/client.py", line 1425, in __aenter__
    self._resp: _RetType = await self._coro
                           ^^^^^^^^^^^^^^^^
  File "/leonardo_work/MNRVA_bench/minerva-benchmarks/inference/inference-LEONARDO/env_ds/lib/python3.11/site-packages/aiohttp/client.py", line 703, in _request
    conn = await self._connector.connect(
           ^^^^^^^^^^^^^^^^^^^^^^^^^^^^^^
  File "/leonardo_work/MNRVA_bench/minerva-benchmarks/inference/inference-LEONARDO/env_ds/lib/python3.11/site-packages/aiohttp/connector.py", line 548, in connect
    proto = await self._create_connection(req, traces, timeout)
            ^^^^^^^^^^^^^^^^^^^^^^^^^^^^^^^^^^^^^^^^^^^^^^^^^^^
  File "/leonardo_work/MNRVA_bench/minerva-benchmarks/inference/inference-LEONARDO/env_ds/lib/python3.11/site-packages/aiohttp/connector.py", line 1056, in _create_connection
    _, proto = await self._create_direct_connection(req, traces, timeout)
               ^^^^^^^^^^^^^^^^^^^^^^^^^^^^^^^^^^^^^^^^^^^^^^^^^^^^^^^^^^
  File "/leonardo_work/MNRVA_bench/minerva-benchmarks/inference/inference-LEONARDO/env_ds/lib/python3.11/site-packages/aiohttp/connector.py", line 1400, in _create_direct_connection
    raise last_exc
  File "/leonardo_work/MNRVA_bench/minerva-benchmarks/inference/inference-LEONARDO/env_ds/lib/python3.11/site-packages/aiohttp/connector.py", line 1369, in _create_direct_connection
    transp, proto = await self._wrap_create_connection(
                    ^^^^^^^^^^^^^^^^^^^^^^^^^^^^^^^^^^^
  File "/leonardo_work/MNRVA_bench/minerva-benchmarks/inference/inference-LEONARDO/env_ds/lib/python3.11/site-packages/aiohttp/connector.py", line 1130, in _wrap_create_connection
    raise client_error(req.connection_key, exc) from exc
aiohttp.client_exceptions.ClientConnectorError: Cannot connect to host 10.7.1.68:8000 ssl:default [Connect call failed ('10.7.1.68', 8000)]

Traceback (most recent call last):
  File "/leonardo_work/MNRVA_bench/minerva-benchmarks/inference/inference-LEONARDO/benchmarks/benchmark_serving.py", line 1231, in <module>
    main(args)
  File "/leonardo_work/MNRVA_bench/minerva-benchmarks/inference/inference-LEONARDO/benchmarks/benchmark_serving.py", line 879, in main
    benchmark_result = asyncio.run(
                       ^^^^^^^^^^^^
  File "/leonardo_work/MNRVA_bench/minerva-benchmarks/inference/inference-LEONARDO/env_ds/lib/python3.11/asyncio/runners.py", line 190, in run
    return runner.run(main)
           ^^^^^^^^^^^^^^^^
  File "/leonardo_work/MNRVA_bench/minerva-benchmarks/inference/inference-LEONARDO/env_ds/lib/python3.11/asyncio/runners.py", line 118, in run
    return self._loop.run_until_complete(task)
           ^^^^^^^^^^^^^^^^^^^^^^^^^^^^^^^^^^^
  File "/leonardo_work/MNRVA_bench/minerva-benchmarks/inference/inference-LEONARDO/env_ds/lib/python3.11/asyncio/base_events.py", line 654, in run_until_complete
    return future.result()
           ^^^^^^^^^^^^^^^
  File "/leonardo_work/MNRVA_bench/minerva-benchmarks/inference/inference-LEONARDO/benchmarks/benchmark_serving.py", line 568, in benchmark
    raise ValueError(
ValueError: Initial test run failed - Please make sure benchmark arguments are correctly specified. Error: Traceback (most recent call last):
  File "/leonardo_work/MNRVA_bench/minerva-benchmarks/inference/inference-LEONARDO/env_ds/lib/python3.11/site-packages/aiohttp/connector.py", line 1115, in _wrap_create_connection
    sock = await aiohappyeyeballs.start_connection(
           ^^^^^^^^^^^^^^^^^^^^^^^^^^^^^^^^^^^^^^^^
  File "/leonardo_work/MNRVA_bench/minerva-benchmarks/inference/inference-LEONARDO/env_ds/lib/python3.11/site-packages/aiohappyeyeballs/impl.py", line 104, in start_connection
    raise first_exception
  File "/leonardo_work/MNRVA_bench/minerva-benchmarks/inference/inference-LEONARDO/env_ds/lib/python3.11/site-packages/aiohappyeyeballs/impl.py", line 82, in start_connection
    sock = await _connect_sock(
           ^^^^^^^^^^^^^^^^^^^^
  File "/leonardo_work/MNRVA_bench/minerva-benchmarks/inference/inference-LEONARDO/env_ds/lib/python3.11/site-packages/aiohappyeyeballs/impl.py", line 174, in _connect_sock
    await loop.sock_connect(sock, address)
  File "/leonardo_work/MNRVA_bench/minerva-benchmarks/inference/inference-LEONARDO/env_ds/lib/python3.11/asyncio/selector_events.py", line 638, in sock_connect
    return await fut
           ^^^^^^^^^
  File "/leonardo_work/MNRVA_bench/minerva-benchmarks/inference/inference-LEONARDO/env_ds/lib/python3.11/asyncio/selector_events.py", line 678, in _sock_connect_cb
    raise OSError(err, f'Connect call failed {address}')
ConnectionRefusedError: [Errno 111] Connect call failed ('10.7.1.68', 8000)

The above exception was the direct cause of the following exception:

Traceback (most recent call last):
  File "/leonardo_work/MNRVA_bench/minerva-benchmarks/inference/inference-LEONARDO/benchmarks/backend_request_func.py", line 346, in async_request_deepspeed_mii
    async with session.post(url=request_func_input.api_url,
  File "/leonardo_work/MNRVA_bench/minerva-benchmarks/inference/inference-LEONARDO/env_ds/lib/python3.11/site-packages/aiohttp/client.py", line 1425, in __aenter__
    self._resp: _RetType = await self._coro
                           ^^^^^^^^^^^^^^^^
  File "/leonardo_work/MNRVA_bench/minerva-benchmarks/inference/inference-LEONARDO/env_ds/lib/python3.11/site-packages/aiohttp/client.py", line 703, in _request
    conn = await self._connector.connect(
           ^^^^^^^^^^^^^^^^^^^^^^^^^^^^^^
  File "/leonardo_work/MNRVA_bench/minerva-benchmarks/inference/inference-LEONARDO/env_ds/lib/python3.11/site-packages/aiohttp/connector.py", line 548, in connect
    proto = await self._create_connection(req, traces, timeout)
            ^^^^^^^^^^^^^^^^^^^^^^^^^^^^^^^^^^^^^^^^^^^^^^^^^^^
  File "/leonardo_work/MNRVA_bench/minerva-benchmarks/inference/inference-LEONARDO/env_ds/lib/python3.11/site-packages/aiohttp/connector.py", line 1056, in _create_connection
    _, proto = await self._create_direct_connection(req, traces, timeout)
               ^^^^^^^^^^^^^^^^^^^^^^^^^^^^^^^^^^^^^^^^^^^^^^^^^^^^^^^^^^
  File "/leonardo_work/MNRVA_bench/minerva-benchmarks/inference/inference-LEONARDO/env_ds/lib/python3.11/site-packages/aiohttp/connector.py", line 1400, in _create_direct_connection
    raise last_exc
  File "/leonardo_work/MNRVA_bench/minerva-benchmarks/inference/inference-LEONARDO/env_ds/lib/python3.11/site-packages/aiohttp/connector.py", line 1369, in _create_direct_connection
    transp, proto = await self._wrap_create_connection(
                    ^^^^^^^^^^^^^^^^^^^^^^^^^^^^^^^^^^^
  File "/leonardo_work/MNRVA_bench/minerva-benchmarks/inference/inference-LEONARDO/env_ds/lib/python3.11/site-packages/aiohttp/connector.py", line 1130, in _wrap_create_connection
    raise client_error(req.connection_key, exc) from exc
aiohttp.client_exceptions.ClientConnectorError: Cannot connect to host 10.7.1.68:8000 ssl:default [Connect call failed ('10.7.1.68', 8000)]

Traceback (most recent call last):
  File "/leonardo_work/MNRVA_bench/minerva-benchmarks/inference/inference-LEONARDO/benchmarks/benchmark_serving.py", line 1231, in <module>
    main(args)
  File "/leonardo_work/MNRVA_bench/minerva-benchmarks/inference/inference-LEONARDO/benchmarks/benchmark_serving.py", line 879, in main
    benchmark_result = asyncio.run(
                       ^^^^^^^^^^^^
  File "/leonardo_work/MNRVA_bench/minerva-benchmarks/inference/inference-LEONARDO/env_ds/lib/python3.11/asyncio/runners.py", line 190, in run
    return runner.run(main)
           ^^^^^^^^^^^^^^^^
  File "/leonardo_work/MNRVA_bench/minerva-benchmarks/inference/inference-LEONARDO/env_ds/lib/python3.11/asyncio/runners.py", line 118, in run
    return self._loop.run_until_complete(task)
           ^^^^^^^^^^^^^^^^^^^^^^^^^^^^^^^^^^^
  File "/leonardo_work/MNRVA_bench/minerva-benchmarks/inference/inference-LEONARDO/env_ds/lib/python3.11/asyncio/base_events.py", line 654, in run_until_complete
    return future.result()
           ^^^^^^^^^^^^^^^
  File "/leonardo_work/MNRVA_bench/minerva-benchmarks/inference/inference-LEONARDO/benchmarks/benchmark_serving.py", line 568, in benchmark
    raise ValueError(
ValueError: Initial test run failed - Please make sure benchmark arguments are correctly specified. Error: Traceback (most recent call last):
  File "/leonardo_work/MNRVA_bench/minerva-benchmarks/inference/inference-LEONARDO/env_ds/lib/python3.11/site-packages/aiohttp/connector.py", line 1115, in _wrap_create_connection
    sock = await aiohappyeyeballs.start_connection(
           ^^^^^^^^^^^^^^^^^^^^^^^^^^^^^^^^^^^^^^^^
  File "/leonardo_work/MNRVA_bench/minerva-benchmarks/inference/inference-LEONARDO/env_ds/lib/python3.11/site-packages/aiohappyeyeballs/impl.py", line 104, in start_connection
    raise first_exception
  File "/leonardo_work/MNRVA_bench/minerva-benchmarks/inference/inference-LEONARDO/env_ds/lib/python3.11/site-packages/aiohappyeyeballs/impl.py", line 82, in start_connection
    sock = await _connect_sock(
           ^^^^^^^^^^^^^^^^^^^^
  File "/leonardo_work/MNRVA_bench/minerva-benchmarks/inference/inference-LEONARDO/env_ds/lib/python3.11/site-packages/aiohappyeyeballs/impl.py", line 174, in _connect_sock
    await loop.sock_connect(sock, address)
  File "/leonardo_work/MNRVA_bench/minerva-benchmarks/inference/inference-LEONARDO/env_ds/lib/python3.11/asyncio/selector_events.py", line 638, in sock_connect
    return await fut
           ^^^^^^^^^
  File "/leonardo_work/MNRVA_bench/minerva-benchmarks/inference/inference-LEONARDO/env_ds/lib/python3.11/asyncio/selector_events.py", line 678, in _sock_connect_cb
    raise OSError(err, f'Connect call failed {address}')
ConnectionRefusedError: [Errno 111] Connect call failed ('10.7.1.68', 8000)

The above exception was the direct cause of the following exception:

Traceback (most recent call last):
  File "/leonardo_work/MNRVA_bench/minerva-benchmarks/inference/inference-LEONARDO/benchmarks/backend_request_func.py", line 346, in async_request_deepspeed_mii
    async with session.post(url=request_func_input.api_url,
  File "/leonardo_work/MNRVA_bench/minerva-benchmarks/inference/inference-LEONARDO/env_ds/lib/python3.11/site-packages/aiohttp/client.py", line 1425, in __aenter__
    self._resp: _RetType = await self._coro
                           ^^^^^^^^^^^^^^^^
  File "/leonardo_work/MNRVA_bench/minerva-benchmarks/inference/inference-LEONARDO/env_ds/lib/python3.11/site-packages/aiohttp/client.py", line 703, in _request
    conn = await self._connector.connect(
           ^^^^^^^^^^^^^^^^^^^^^^^^^^^^^^
  File "/leonardo_work/MNRVA_bench/minerva-benchmarks/inference/inference-LEONARDO/env_ds/lib/python3.11/site-packages/aiohttp/connector.py", line 548, in connect
    proto = await self._create_connection(req, traces, timeout)
            ^^^^^^^^^^^^^^^^^^^^^^^^^^^^^^^^^^^^^^^^^^^^^^^^^^^
  File "/leonardo_work/MNRVA_bench/minerva-benchmarks/inference/inference-LEONARDO/env_ds/lib/python3.11/site-packages/aiohttp/connector.py", line 1056, in _create_connection
    _, proto = await self._create_direct_connection(req, traces, timeout)
               ^^^^^^^^^^^^^^^^^^^^^^^^^^^^^^^^^^^^^^^^^^^^^^^^^^^^^^^^^^
  File "/leonardo_work/MNRVA_bench/minerva-benchmarks/inference/inference-LEONARDO/env_ds/lib/python3.11/site-packages/aiohttp/connector.py", line 1400, in _create_direct_connection
    raise last_exc
  File "/leonardo_work/MNRVA_bench/minerva-benchmarks/inference/inference-LEONARDO/env_ds/lib/python3.11/site-packages/aiohttp/connector.py", line 1369, in _create_direct_connection
    transp, proto = await self._wrap_create_connection(
                    ^^^^^^^^^^^^^^^^^^^^^^^^^^^^^^^^^^^
  File "/leonardo_work/MNRVA_bench/minerva-benchmarks/inference/inference-LEONARDO/env_ds/lib/python3.11/site-packages/aiohttp/connector.py", line 1130, in _wrap_create_connection
    raise client_error(req.connection_key, exc) from exc
aiohttp.client_exceptions.ClientConnectorError: Cannot connect to host 10.7.1.68:8000 ssl:default [Connect call failed ('10.7.1.68', 8000)]

Loading extension module inference_core_ops...
Using /leonardo/home/userinternal/rscheda0/.cache/torch_extensions/py311_cu124 as PyTorch extensions root...
Creating extension directory /leonardo/home/userinternal/rscheda0/.cache/torch_extensions/py311_cu124/ragged_device_ops...
Detected CUDA files, patching ldflags
Emitting ninja build file /leonardo/home/userinternal/rscheda0/.cache/torch_extensions/py311_cu124/ragged_device_ops/build.ninja...
/leonardo_work/MNRVA_bench/minerva-benchmarks/inference/inference-LEONARDO/env_ds/lib/python3.11/site-packages/torch/utils/cpp_extension.py:1964: UserWarning: TORCH_CUDA_ARCH_LIST is not set, all archs for visible cards are included for compilation. 
If this is not desired, please set os.environ['TORCH_CUDA_ARCH_LIST'].
  warnings.warn(
Building extension module ragged_device_ops...
Allowing ninja to set a default number of workers... (overridable by setting the environment variable MAX_JOBS=N)
