`torch_dtype` is deprecated! Use `dtype` instead!
`torch_dtype` is deprecated! Use `dtype` instead!
`torch_dtype` is deprecated! Use `dtype` instead!
`torch_dtype` is deprecated! Use `dtype` instead!
Traceback (most recent call last):
  File "/leonardo_work/MNRVA_bench/minerva-benchmarks/inference/inference-LEONARDO/benchmarks/benchmark_serving.py", line 1231, in <module>
    main(args)
  File "/leonardo_work/MNRVA_bench/minerva-benchmarks/inference/inference-LEONARDO/benchmarks/benchmark_serving.py", line 879, in main
    benchmark_result = asyncio.run(
                       ^^^^^^^^^^^^
  File "/leonardo/prod/spack/06/install/0.22/linux-rhel8-icelake/gcc-8.5.0/python-3.11.7-ziwh63aulhhzxksf42k5u3gnim2rbpmp/lib/python3.11/asyncio/runners.py", line 190, in run
    return runner.run(main)
           ^^^^^^^^^^^^^^^^
  File "/leonardo/prod/spack/06/install/0.22/linux-rhel8-icelake/gcc-8.5.0/python-3.11.7-ziwh63aulhhzxksf42k5u3gnim2rbpmp/lib/python3.11/asyncio/runners.py", line 118, in run
    return self._loop.run_until_complete(task)
           ^^^^^^^^^^^^^^^^^^^^^^^^^^^^^^^^^^^
  File "/leonardo/prod/spack/06/install/0.22/linux-rhel8-icelake/gcc-8.5.0/python-3.11.7-ziwh63aulhhzxksf42k5u3gnim2rbpmp/lib/python3.11/asyncio/base_events.py", line 653, in run_until_complete
    return future.result()
           ^^^^^^^^^^^^^^^
  File "/leonardo_work/MNRVA_bench/minerva-benchmarks/inference/inference-LEONARDO/benchmarks/benchmark_serving.py", line 568, in benchmark
    raise ValueError(
ValueError: Initial test run failed - Please make sure benchmark arguments are correctly specified. Error: Traceback (most recent call last):
  File "/leonardo_scratch/large/userinternal/rscheda0/Minerva/benchmarks/inference/inference-Leonardo/env_ds/lib/python3.11/site-packages/aiohttp/connector.py", line 1115, in _wrap_create_connection
    sock = await aiohappyeyeballs.start_connection(
           ^^^^^^^^^^^^^^^^^^^^^^^^^^^^^^^^^^^^^^^^
  File "/leonardo_scratch/large/userinternal/rscheda0/Minerva/benchmarks/inference/inference-Leonardo/env_ds/lib/python3.11/site-packages/aiohappyeyeballs/impl.py", line 104, in start_connection
    raise first_exception
  File "/leonardo_scratch/large/userinternal/rscheda0/Minerva/benchmarks/inference/inference-Leonardo/env_ds/lib/python3.11/site-packages/aiohappyeyeballs/impl.py", line 82, in start_connection
    sock = await _connect_sock(
           ^^^^^^^^^^^^^^^^^^^^
  File "/leonardo_scratch/large/userinternal/rscheda0/Minerva/benchmarks/inference/inference-Leonardo/env_ds/lib/python3.11/site-packages/aiohappyeyeballs/impl.py", line 174, in _connect_sock
    await loop.sock_connect(sock, address)
  File "/leonardo/prod/spack/06/install/0.22/linux-rhel8-icelake/gcc-8.5.0/python-3.11.7-ziwh63aulhhzxksf42k5u3gnim2rbpmp/lib/python3.11/asyncio/selector_events.py", line 634, in sock_connect
    return await fut
           ^^^^^^^^^
  File "/leonardo/prod/spack/06/install/0.22/linux-rhel8-icelake/gcc-8.5.0/python-3.11.7-ziwh63aulhhzxksf42k5u3gnim2rbpmp/lib/python3.11/asyncio/selector_events.py", line 674, in _sock_connect_cb
    raise OSError(err, f'Connect call failed {address}')
ConnectionRefusedError: [Errno 111] Connect call failed ('10.1.0.147', 8000)

The above exception was the direct cause of the following exception:

Traceback (most recent call last):
  File "/leonardo_work/MNRVA_bench/minerva-benchmarks/inference/inference-LEONARDO/benchmarks/backend_request_func.py", line 346, in async_request_deepspeed_mii
    async with session.post(url=request_func_input.api_url,
  File "/leonardo_scratch/large/userinternal/rscheda0/Minerva/benchmarks/inference/inference-Leonardo/env_ds/lib/python3.11/site-packages/aiohttp/client.py", line 1425, in __aenter__
    self._resp: _RetType = await self._coro
                           ^^^^^^^^^^^^^^^^
  File "/leonardo_scratch/large/userinternal/rscheda0/Minerva/benchmarks/inference/inference-Leonardo/env_ds/lib/python3.11/site-packages/aiohttp/client.py", line 703, in _request
    conn = await self._connector.connect(
           ^^^^^^^^^^^^^^^^^^^^^^^^^^^^^^
  File "/leonardo_scratch/large/userinternal/rscheda0/Minerva/benchmarks/inference/inference-Leonardo/env_ds/lib/python3.11/site-packages/aiohttp/connector.py", line 548, in connect
    proto = await self._create_connection(req, traces, timeout)
            ^^^^^^^^^^^^^^^^^^^^^^^^^^^^^^^^^^^^^^^^^^^^^^^^^^^
  File "/leonardo_scratch/large/userinternal/rscheda0/Minerva/benchmarks/inference/inference-Leonardo/env_ds/lib/python3.11/site-packages/aiohttp/connector.py", line 1056, in _create_connection
    _, proto = await self._create_direct_connection(req, traces, timeout)
               ^^^^^^^^^^^^^^^^^^^^^^^^^^^^^^^^^^^^^^^^^^^^^^^^^^^^^^^^^^
  File "/leonardo_scratch/large/userinternal/rscheda0/Minerva/benchmarks/inference/inference-Leonardo/env_ds/lib/python3.11/site-packages/aiohttp/connector.py", line 1400, in _create_direct_connection
    raise last_exc
  File "/leonardo_scratch/large/userinternal/rscheda0/Minerva/benchmarks/inference/inference-Leonardo/env_ds/lib/python3.11/site-packages/aiohttp/connector.py", line 1369, in _create_direct_connection
    transp, proto = await self._wrap_create_connection(
                    ^^^^^^^^^^^^^^^^^^^^^^^^^^^^^^^^^^^
  File "/leonardo_scratch/large/userinternal/rscheda0/Minerva/benchmarks/inference/inference-Leonardo/env_ds/lib/python3.11/site-packages/aiohttp/connector.py", line 1130, in _wrap_create_connection
    raise client_error(req.connection_key, exc) from exc
aiohttp.client_exceptions.ClientConnectorError: Cannot connect to host 10.1.0.147:8000 ssl:default [Connect call failed ('10.1.0.147', 8000)]

Traceback (most recent call last):
  File "/leonardo_work/MNRVA_bench/minerva-benchmarks/inference/inference-LEONARDO/benchmarks/benchmark_serving.py", line 1231, in <module>
    main(args)
  File "/leonardo_work/MNRVA_bench/minerva-benchmarks/inference/inference-LEONARDO/benchmarks/benchmark_serving.py", line 879, in main
    benchmark_result = asyncio.run(
                       ^^^^^^^^^^^^
  File "/leonardo/prod/spack/06/install/0.22/linux-rhel8-icelake/gcc-8.5.0/python-3.11.7-ziwh63aulhhzxksf42k5u3gnim2rbpmp/lib/python3.11/asyncio/runners.py", line 190, in run
    return runner.run(main)
           ^^^^^^^^^^^^^^^^
  File "/leonardo/prod/spack/06/install/0.22/linux-rhel8-icelake/gcc-8.5.0/python-3.11.7-ziwh63aulhhzxksf42k5u3gnim2rbpmp/lib/python3.11/asyncio/runners.py", line 118, in run
    return self._loop.run_until_complete(task)
           ^^^^^^^^^^^^^^^^^^^^^^^^^^^^^^^^^^^
  File "/leonardo/prod/spack/06/install/0.22/linux-rhel8-icelake/gcc-8.5.0/python-3.11.7-ziwh63aulhhzxksf42k5u3gnim2rbpmp/lib/python3.11/asyncio/base_events.py", line 653, in run_until_complete
    return future.result()
           ^^^^^^^^^^^^^^^
  File "/leonardo_work/MNRVA_bench/minerva-benchmarks/inference/inference-LEONARDO/benchmarks/benchmark_serving.py", line 568, in benchmark
    raise ValueError(
ValueError: Initial test run failed - Please make sure benchmark arguments are correctly specified. Error: Traceback (most recent call last):
  File "/leonardo_scratch/large/userinternal/rscheda0/Minerva/benchmarks/inference/inference-Leonardo/env_ds/lib/python3.11/site-packages/aiohttp/connector.py", line 1115, in _wrap_create_connection
    sock = await aiohappyeyeballs.start_connection(
           ^^^^^^^^^^^^^^^^^^^^^^^^^^^^^^^^^^^^^^^^
  File "/leonardo_scratch/large/userinternal/rscheda0/Minerva/benchmarks/inference/inference-Leonardo/env_ds/lib/python3.11/site-packages/aiohappyeyeballs/impl.py", line 104, in start_connection
    raise first_exception
  File "/leonardo_scratch/large/userinternal/rscheda0/Minerva/benchmarks/inference/inference-Leonardo/env_ds/lib/python3.11/site-packages/aiohappyeyeballs/impl.py", line 82, in start_connection
    sock = await _connect_sock(
           ^^^^^^^^^^^^^^^^^^^^
  File "/leonardo_scratch/large/userinternal/rscheda0/Minerva/benchmarks/inference/inference-Leonardo/env_ds/lib/python3.11/site-packages/aiohappyeyeballs/impl.py", line 174, in _connect_sock
    await loop.sock_connect(sock, address)
  File "/leonardo/prod/spack/06/install/0.22/linux-rhel8-icelake/gcc-8.5.0/python-3.11.7-ziwh63aulhhzxksf42k5u3gnim2rbpmp/lib/python3.11/asyncio/selector_events.py", line 634, in sock_connect
    return await fut
           ^^^^^^^^^
  File "/leonardo/prod/spack/06/install/0.22/linux-rhel8-icelake/gcc-8.5.0/python-3.11.7-ziwh63aulhhzxksf42k5u3gnim2rbpmp/lib/python3.11/asyncio/selector_events.py", line 674, in _sock_connect_cb
    raise OSError(err, f'Connect call failed {address}')
ConnectionRefusedError: [Errno 111] Connect call failed ('10.1.0.147', 8000)

The above exception was the direct cause of the following exception:

Traceback (most recent call last):
  File "/leonardo_work/MNRVA_bench/minerva-benchmarks/inference/inference-LEONARDO/benchmarks/backend_request_func.py", line 346, in async_request_deepspeed_mii
    async with session.post(url=request_func_input.api_url,
  File "/leonardo_scratch/large/userinternal/rscheda0/Minerva/benchmarks/inference/inference-Leonardo/env_ds/lib/python3.11/site-packages/aiohttp/client.py", line 1425, in __aenter__
    self._resp: _RetType = await self._coro
                           ^^^^^^^^^^^^^^^^
  File "/leonardo_scratch/large/userinternal/rscheda0/Minerva/benchmarks/inference/inference-Leonardo/env_ds/lib/python3.11/site-packages/aiohttp/client.py", line 703, in _request
    conn = await self._connector.connect(
           ^^^^^^^^^^^^^^^^^^^^^^^^^^^^^^
  File "/leonardo_scratch/large/userinternal/rscheda0/Minerva/benchmarks/inference/inference-Leonardo/env_ds/lib/python3.11/site-packages/aiohttp/connector.py", line 548, in connect
    proto = await self._create_connection(req, traces, timeout)
            ^^^^^^^^^^^^^^^^^^^^^^^^^^^^^^^^^^^^^^^^^^^^^^^^^^^
  File "/leonardo_scratch/large/userinternal/rscheda0/Minerva/benchmarks/inference/inference-Leonardo/env_ds/lib/python3.11/site-packages/aiohttp/connector.py", line 1056, in _create_connection
    _, proto = await self._create_direct_connection(req, traces, timeout)
               ^^^^^^^^^^^^^^^^^^^^^^^^^^^^^^^^^^^^^^^^^^^^^^^^^^^^^^^^^^
  File "/leonardo_scratch/large/userinternal/rscheda0/Minerva/benchmarks/inference/inference-Leonardo/env_ds/lib/python3.11/site-packages/aiohttp/connector.py", line 1400, in _create_direct_connection
    raise last_exc
  File "/leonardo_scratch/large/userinternal/rscheda0/Minerva/benchmarks/inference/inference-Leonardo/env_ds/lib/python3.11/site-packages/aiohttp/connector.py", line 1369, in _create_direct_connection
    transp, proto = await self._wrap_create_connection(
                    ^^^^^^^^^^^^^^^^^^^^^^^^^^^^^^^^^^^
  File "/leonardo_scratch/large/userinternal/rscheda0/Minerva/benchmarks/inference/inference-Leonardo/env_ds/lib/python3.11/site-packages/aiohttp/connector.py", line 1130, in _wrap_create_connection
    raise client_error(req.connection_key, exc) from exc
aiohttp.client_exceptions.ClientConnectorError: Cannot connect to host 10.1.0.147:8000 ssl:default [Connect call failed ('10.1.0.147', 8000)]

Traceback (most recent call last):
  File "/leonardo_work/MNRVA_bench/minerva-benchmarks/inference/inference-LEONARDO/benchmarks/benchmark_serving.py", line 1231, in <module>
    main(args)
  File "/leonardo_work/MNRVA_bench/minerva-benchmarks/inference/inference-LEONARDO/benchmarks/benchmark_serving.py", line 879, in main
    benchmark_result = asyncio.run(
                       ^^^^^^^^^^^^
  File "/leonardo/prod/spack/06/install/0.22/linux-rhel8-icelake/gcc-8.5.0/python-3.11.7-ziwh63aulhhzxksf42k5u3gnim2rbpmp/lib/python3.11/asyncio/runners.py", line 190, in run
    return runner.run(main)
           ^^^^^^^^^^^^^^^^
  File "/leonardo/prod/spack/06/install/0.22/linux-rhel8-icelake/gcc-8.5.0/python-3.11.7-ziwh63aulhhzxksf42k5u3gnim2rbpmp/lib/python3.11/asyncio/runners.py", line 118, in run
    return self._loop.run_until_complete(task)
           ^^^^^^^^^^^^^^^^^^^^^^^^^^^^^^^^^^^
  File "/leonardo/prod/spack/06/install/0.22/linux-rhel8-icelake/gcc-8.5.0/python-3.11.7-ziwh63aulhhzxksf42k5u3gnim2rbpmp/lib/python3.11/asyncio/base_events.py", line 653, in run_until_complete
    return future.result()
           ^^^^^^^^^^^^^^^
  File "/leonardo_work/MNRVA_bench/minerva-benchmarks/inference/inference-LEONARDO/benchmarks/benchmark_serving.py", line 568, in benchmark
    raise ValueError(
ValueError: Initial test run failed - Please make sure benchmark arguments are correctly specified. Error: Traceback (most recent call last):
  File "/leonardo_scratch/large/userinternal/rscheda0/Minerva/benchmarks/inference/inference-Leonardo/env_ds/lib/python3.11/site-packages/aiohttp/connector.py", line 1115, in _wrap_create_connection
    sock = await aiohappyeyeballs.start_connection(
           ^^^^^^^^^^^^^^^^^^^^^^^^^^^^^^^^^^^^^^^^
  File "/leonardo_scratch/large/userinternal/rscheda0/Minerva/benchmarks/inference/inference-Leonardo/env_ds/lib/python3.11/site-packages/aiohappyeyeballs/impl.py", line 104, in start_connection
    raise first_exception
  File "/leonardo_scratch/large/userinternal/rscheda0/Minerva/benchmarks/inference/inference-Leonardo/env_ds/lib/python3.11/site-packages/aiohappyeyeballs/impl.py", line 82, in start_connection
    sock = await _connect_sock(
           ^^^^^^^^^^^^^^^^^^^^
  File "/leonardo_scratch/large/userinternal/rscheda0/Minerva/benchmarks/inference/inference-Leonardo/env_ds/lib/python3.11/site-packages/aiohappyeyeballs/impl.py", line 174, in _connect_sock
    await loop.sock_connect(sock, address)
  File "/leonardo/prod/spack/06/install/0.22/linux-rhel8-icelake/gcc-8.5.0/python-3.11.7-ziwh63aulhhzxksf42k5u3gnim2rbpmp/lib/python3.11/asyncio/selector_events.py", line 634, in sock_connect
    return await fut
           ^^^^^^^^^
  File "/leonardo/prod/spack/06/install/0.22/linux-rhel8-icelake/gcc-8.5.0/python-3.11.7-ziwh63aulhhzxksf42k5u3gnim2rbpmp/lib/python3.11/asyncio/selector_events.py", line 674, in _sock_connect_cb
    raise OSError(err, f'Connect call failed {address}')
ConnectionRefusedError: [Errno 111] Connect call failed ('10.1.0.147', 8000)

The above exception was the direct cause of the following exception:

Traceback (most recent call last):
  File "/leonardo_work/MNRVA_bench/minerva-benchmarks/inference/inference-LEONARDO/benchmarks/backend_request_func.py", line 346, in async_request_deepspeed_mii
    async with session.post(url=request_func_input.api_url,
  File "/leonardo_scratch/large/userinternal/rscheda0/Minerva/benchmarks/inference/inference-Leonardo/env_ds/lib/python3.11/site-packages/aiohttp/client.py", line 1425, in __aenter__
    self._resp: _RetType = await self._coro
                           ^^^^^^^^^^^^^^^^
  File "/leonardo_scratch/large/userinternal/rscheda0/Minerva/benchmarks/inference/inference-Leonardo/env_ds/lib/python3.11/site-packages/aiohttp/client.py", line 703, in _request
    conn = await self._connector.connect(
           ^^^^^^^^^^^^^^^^^^^^^^^^^^^^^^
  File "/leonardo_scratch/large/userinternal/rscheda0/Minerva/benchmarks/inference/inference-Leonardo/env_ds/lib/python3.11/site-packages/aiohttp/connector.py", line 548, in connect
    proto = await self._create_connection(req, traces, timeout)
            ^^^^^^^^^^^^^^^^^^^^^^^^^^^^^^^^^^^^^^^^^^^^^^^^^^^
  File "/leonardo_scratch/large/userinternal/rscheda0/Minerva/benchmarks/inference/inference-Leonardo/env_ds/lib/python3.11/site-packages/aiohttp/connector.py", line 1056, in _create_connection
    _, proto = await self._create_direct_connection(req, traces, timeout)
               ^^^^^^^^^^^^^^^^^^^^^^^^^^^^^^^^^^^^^^^^^^^^^^^^^^^^^^^^^^
  File "/leonardo_scratch/large/userinternal/rscheda0/Minerva/benchmarks/inference/inference-Leonardo/env_ds/lib/python3.11/site-packages/aiohttp/connector.py", line 1400, in _create_direct_connection
    raise last_exc
  File "/leonardo_scratch/large/userinternal/rscheda0/Minerva/benchmarks/inference/inference-Leonardo/env_ds/lib/python3.11/site-packages/aiohttp/connector.py", line 1369, in _create_direct_connection
    transp, proto = await self._wrap_create_connection(
                    ^^^^^^^^^^^^^^^^^^^^^^^^^^^^^^^^^^^
  File "/leonardo_scratch/large/userinternal/rscheda0/Minerva/benchmarks/inference/inference-Leonardo/env_ds/lib/python3.11/site-packages/aiohttp/connector.py", line 1130, in _wrap_create_connection
    raise client_error(req.connection_key, exc) from exc
aiohttp.client_exceptions.ClientConnectorError: Cannot connect to host 10.1.0.147:8000 ssl:default [Connect call failed ('10.1.0.147', 8000)]

Traceback (most recent call last):
  File "/leonardo_work/MNRVA_bench/minerva-benchmarks/inference/inference-LEONARDO/benchmarks/benchmark_serving.py", line 1231, in <module>
    main(args)
  File "/leonardo_work/MNRVA_bench/minerva-benchmarks/inference/inference-LEONARDO/benchmarks/benchmark_serving.py", line 879, in main
    benchmark_result = asyncio.run(
                       ^^^^^^^^^^^^
  File "/leonardo/prod/spack/06/install/0.22/linux-rhel8-icelake/gcc-8.5.0/python-3.11.7-ziwh63aulhhzxksf42k5u3gnim2rbpmp/lib/python3.11/asyncio/runners.py", line 190, in run
    return runner.run(main)
           ^^^^^^^^^^^^^^^^
  File "/leonardo/prod/spack/06/install/0.22/linux-rhel8-icelake/gcc-8.5.0/python-3.11.7-ziwh63aulhhzxksf42k5u3gnim2rbpmp/lib/python3.11/asyncio/runners.py", line 118, in run
    return self._loop.run_until_complete(task)
           ^^^^^^^^^^^^^^^^^^^^^^^^^^^^^^^^^^^
  File "/leonardo/prod/spack/06/install/0.22/linux-rhel8-icelake/gcc-8.5.0/python-3.11.7-ziwh63aulhhzxksf42k5u3gnim2rbpmp/lib/python3.11/asyncio/base_events.py", line 653, in run_until_complete
    return future.result()
           ^^^^^^^^^^^^^^^
  File "/leonardo_work/MNRVA_bench/minerva-benchmarks/inference/inference-LEONARDO/benchmarks/benchmark_serving.py", line 568, in benchmark
    raise ValueError(
ValueError: Initial test run failed - Please make sure benchmark arguments are correctly specified. Error: Traceback (most recent call last):
  File "/leonardo_scratch/large/userinternal/rscheda0/Minerva/benchmarks/inference/inference-Leonardo/env_ds/lib/python3.11/site-packages/aiohttp/connector.py", line 1115, in _wrap_create_connection
    sock = await aiohappyeyeballs.start_connection(
           ^^^^^^^^^^^^^^^^^^^^^^^^^^^^^^^^^^^^^^^^
  File "/leonardo_scratch/large/userinternal/rscheda0/Minerva/benchmarks/inference/inference-Leonardo/env_ds/lib/python3.11/site-packages/aiohappyeyeballs/impl.py", line 104, in start_connection
    raise first_exception
  File "/leonardo_scratch/large/userinternal/rscheda0/Minerva/benchmarks/inference/inference-Leonardo/env_ds/lib/python3.11/site-packages/aiohappyeyeballs/impl.py", line 82, in start_connection
    sock = await _connect_sock(
           ^^^^^^^^^^^^^^^^^^^^
  File "/leonardo_scratch/large/userinternal/rscheda0/Minerva/benchmarks/inference/inference-Leonardo/env_ds/lib/python3.11/site-packages/aiohappyeyeballs/impl.py", line 174, in _connect_sock
    await loop.sock_connect(sock, address)
  File "/leonardo/prod/spack/06/install/0.22/linux-rhel8-icelake/gcc-8.5.0/python-3.11.7-ziwh63aulhhzxksf42k5u3gnim2rbpmp/lib/python3.11/asyncio/selector_events.py", line 634, in sock_connect
    return await fut
           ^^^^^^^^^
  File "/leonardo/prod/spack/06/install/0.22/linux-rhel8-icelake/gcc-8.5.0/python-3.11.7-ziwh63aulhhzxksf42k5u3gnim2rbpmp/lib/python3.11/asyncio/selector_events.py", line 674, in _sock_connect_cb
    raise OSError(err, f'Connect call failed {address}')
ConnectionRefusedError: [Errno 111] Connect call failed ('10.1.0.147', 8000)

The above exception was the direct cause of the following exception:

Traceback (most recent call last):
  File "/leonardo_work/MNRVA_bench/minerva-benchmarks/inference/inference-LEONARDO/benchmarks/backend_request_func.py", line 346, in async_request_deepspeed_mii
    async with session.post(url=request_func_input.api_url,
  File "/leonardo_scratch/large/userinternal/rscheda0/Minerva/benchmarks/inference/inference-Leonardo/env_ds/lib/python3.11/site-packages/aiohttp/client.py", line 1425, in __aenter__
    self._resp: _RetType = await self._coro
                           ^^^^^^^^^^^^^^^^
  File "/leonardo_scratch/large/userinternal/rscheda0/Minerva/benchmarks/inference/inference-Leonardo/env_ds/lib/python3.11/site-packages/aiohttp/client.py", line 703, in _request
    conn = await self._connector.connect(
           ^^^^^^^^^^^^^^^^^^^^^^^^^^^^^^
  File "/leonardo_scratch/large/userinternal/rscheda0/Minerva/benchmarks/inference/inference-Leonardo/env_ds/lib/python3.11/site-packages/aiohttp/connector.py", line 548, in connect
    proto = await self._create_connection(req, traces, timeout)
            ^^^^^^^^^^^^^^^^^^^^^^^^^^^^^^^^^^^^^^^^^^^^^^^^^^^
  File "/leonardo_scratch/large/userinternal/rscheda0/Minerva/benchmarks/inference/inference-Leonardo/env_ds/lib/python3.11/site-packages/aiohttp/connector.py", line 1056, in _create_connection
    _, proto = await self._create_direct_connection(req, traces, timeout)
               ^^^^^^^^^^^^^^^^^^^^^^^^^^^^^^^^^^^^^^^^^^^^^^^^^^^^^^^^^^
  File "/leonardo_scratch/large/userinternal/rscheda0/Minerva/benchmarks/inference/inference-Leonardo/env_ds/lib/python3.11/site-packages/aiohttp/connector.py", line 1400, in _create_direct_connection
    raise last_exc
  File "/leonardo_scratch/large/userinternal/rscheda0/Minerva/benchmarks/inference/inference-Leonardo/env_ds/lib/python3.11/site-packages/aiohttp/connector.py", line 1369, in _create_direct_connection
    transp, proto = await self._wrap_create_connection(
                    ^^^^^^^^^^^^^^^^^^^^^^^^^^^^^^^^^^^
  File "/leonardo_scratch/large/userinternal/rscheda0/Minerva/benchmarks/inference/inference-Leonardo/env_ds/lib/python3.11/site-packages/aiohttp/connector.py", line 1130, in _wrap_create_connection
    raise client_error(req.connection_key, exc) from exc
aiohttp.client_exceptions.ClientConnectorError: Cannot connect to host 10.1.0.147:8000 ssl:default [Connect call failed ('10.1.0.147', 8000)]

Traceback (most recent call last):
  File "/leonardo_work/MNRVA_bench/minerva-benchmarks/inference/inference-LEONARDO/benchmarks/benchmark_serving.py", line 1231, in <module>
    main(args)
  File "/leonardo_work/MNRVA_bench/minerva-benchmarks/inference/inference-LEONARDO/benchmarks/benchmark_serving.py", line 879, in main
    benchmark_result = asyncio.run(
                       ^^^^^^^^^^^^
  File "/leonardo/prod/spack/06/install/0.22/linux-rhel8-icelake/gcc-8.5.0/python-3.11.7-ziwh63aulhhzxksf42k5u3gnim2rbpmp/lib/python3.11/asyncio/runners.py", line 190, in run
    return runner.run(main)
           ^^^^^^^^^^^^^^^^
  File "/leonardo/prod/spack/06/install/0.22/linux-rhel8-icelake/gcc-8.5.0/python-3.11.7-ziwh63aulhhzxksf42k5u3gnim2rbpmp/lib/python3.11/asyncio/runners.py", line 118, in run
    return self._loop.run_until_complete(task)
           ^^^^^^^^^^^^^^^^^^^^^^^^^^^^^^^^^^^
  File "/leonardo/prod/spack/06/install/0.22/linux-rhel8-icelake/gcc-8.5.0/python-3.11.7-ziwh63aulhhzxksf42k5u3gnim2rbpmp/lib/python3.11/asyncio/base_events.py", line 653, in run_until_complete
    return future.result()
           ^^^^^^^^^^^^^^^
  File "/leonardo_work/MNRVA_bench/minerva-benchmarks/inference/inference-LEONARDO/benchmarks/benchmark_serving.py", line 568, in benchmark
    raise ValueError(
ValueError: Initial test run failed - Please make sure benchmark arguments are correctly specified. Error: Traceback (most recent call last):
  File "/leonardo_scratch/large/userinternal/rscheda0/Minerva/benchmarks/inference/inference-Leonardo/env_ds/lib/python3.11/site-packages/aiohttp/connector.py", line 1115, in _wrap_create_connection
    sock = await aiohappyeyeballs.start_connection(
           ^^^^^^^^^^^^^^^^^^^^^^^^^^^^^^^^^^^^^^^^
  File "/leonardo_scratch/large/userinternal/rscheda0/Minerva/benchmarks/inference/inference-Leonardo/env_ds/lib/python3.11/site-packages/aiohappyeyeballs/impl.py", line 104, in start_connection
    raise first_exception
  File "/leonardo_scratch/large/userinternal/rscheda0/Minerva/benchmarks/inference/inference-Leonardo/env_ds/lib/python3.11/site-packages/aiohappyeyeballs/impl.py", line 82, in start_connection
    sock = await _connect_sock(
           ^^^^^^^^^^^^^^^^^^^^
  File "/leonardo_scratch/large/userinternal/rscheda0/Minerva/benchmarks/inference/inference-Leonardo/env_ds/lib/python3.11/site-packages/aiohappyeyeballs/impl.py", line 174, in _connect_sock
    await loop.sock_connect(sock, address)
  File "/leonardo/prod/spack/06/install/0.22/linux-rhel8-icelake/gcc-8.5.0/python-3.11.7-ziwh63aulhhzxksf42k5u3gnim2rbpmp/lib/python3.11/asyncio/selector_events.py", line 634, in sock_connect
    return await fut
           ^^^^^^^^^
  File "/leonardo/prod/spack/06/install/0.22/linux-rhel8-icelake/gcc-8.5.0/python-3.11.7-ziwh63aulhhzxksf42k5u3gnim2rbpmp/lib/python3.11/asyncio/selector_events.py", line 674, in _sock_connect_cb
    raise OSError(err, f'Connect call failed {address}')
ConnectionRefusedError: [Errno 111] Connect call failed ('10.1.0.147', 8000)

The above exception was the direct cause of the following exception:

Traceback (most recent call last):
  File "/leonardo_work/MNRVA_bench/minerva-benchmarks/inference/inference-LEONARDO/benchmarks/backend_request_func.py", line 346, in async_request_deepspeed_mii
    async with session.post(url=request_func_input.api_url,
  File "/leonardo_scratch/large/userinternal/rscheda0/Minerva/benchmarks/inference/inference-Leonardo/env_ds/lib/python3.11/site-packages/aiohttp/client.py", line 1425, in __aenter__
    self._resp: _RetType = await self._coro
                           ^^^^^^^^^^^^^^^^
  File "/leonardo_scratch/large/userinternal/rscheda0/Minerva/benchmarks/inference/inference-Leonardo/env_ds/lib/python3.11/site-packages/aiohttp/client.py", line 703, in _request
    conn = await self._connector.connect(
           ^^^^^^^^^^^^^^^^^^^^^^^^^^^^^^
  File "/leonardo_scratch/large/userinternal/rscheda0/Minerva/benchmarks/inference/inference-Leonardo/env_ds/lib/python3.11/site-packages/aiohttp/connector.py", line 548, in connect
    proto = await self._create_connection(req, traces, timeout)
            ^^^^^^^^^^^^^^^^^^^^^^^^^^^^^^^^^^^^^^^^^^^^^^^^^^^
  File "/leonardo_scratch/large/userinternal/rscheda0/Minerva/benchmarks/inference/inference-Leonardo/env_ds/lib/python3.11/site-packages/aiohttp/connector.py", line 1056, in _create_connection
    _, proto = await self._create_direct_connection(req, traces, timeout)
               ^^^^^^^^^^^^^^^^^^^^^^^^^^^^^^^^^^^^^^^^^^^^^^^^^^^^^^^^^^
  File "/leonardo_scratch/large/userinternal/rscheda0/Minerva/benchmarks/inference/inference-Leonardo/env_ds/lib/python3.11/site-packages/aiohttp/connector.py", line 1400, in _create_direct_connection
    raise last_exc
  File "/leonardo_scratch/large/userinternal/rscheda0/Minerva/benchmarks/inference/inference-Leonardo/env_ds/lib/python3.11/site-packages/aiohttp/connector.py", line 1369, in _create_direct_connection
    transp, proto = await self._wrap_create_connection(
                    ^^^^^^^^^^^^^^^^^^^^^^^^^^^^^^^^^^^
  File "/leonardo_scratch/large/userinternal/rscheda0/Minerva/benchmarks/inference/inference-Leonardo/env_ds/lib/python3.11/site-packages/aiohttp/connector.py", line 1130, in _wrap_create_connection
    raise client_error(req.connection_key, exc) from exc
aiohttp.client_exceptions.ClientConnectorError: Cannot connect to host 10.1.0.147:8000 ssl:default [Connect call failed ('10.1.0.147', 8000)]

